// Jest Snapshot v1, https://goo.gl/fbAQLP

exports[`renders correctly 1`] = `
<article
  className="small-movie-card catalog__movies-card"
  onMouseOut={[Function]}
  onMouseOver={[Function]}
>
  <a
    className="small-movie-card__link"
    href="/films/1"
    onClick={[Function]}
  >
    <div />
    <h3
      className="small-movie-card__title"
    >
      
    </h3>
  </a>
</article>
`;
